
Memory Configuration

Name             Origin             Length             Attributes
FLASH            0x08000000         0x00008000         xr
RAM              0x20000000         0x00001000         xrw
*default*        0x00000000         0xffffffff

Linker script and memory map


.text           0x08000000      0x204
 *(.vectors)
 .vectors       0x08000000       0xc0 ./output/startup_ARMCM0.o
                0x08000000                __Vectors
                0x080000c0                __Vectors_End = .
                0x000000c0                __Vectors_Size = (__Vectors_End - __Vectors)
                0x080000c0                __end__ = .
 *(.text*)
 .text          0x080000c0      0x140 ./output/main.o
                0x080000c0                Init_pin
                0x080000f0                Turn_on_led
                0x08000118                Turn_of_led
                0x08000144                delay
                0x08000184                enable_clock
                0x080001b4                main
                0x080001da                Reserved_IRQHandler
                0x080001e0                NMI_Handler
                0x080001e6                HardFault_Handler
                0x080001ec                SVC_Handler
                0x080001f2                PendSV_Handler
                0x080001f8                SysTick_Handler
 .text          0x08000200        0x4 ./output/startup_ARMCM0.o
                0x08000200                Reset_Handler
 *(.init)
 *(.fini)
 *(.rodata*)
 *(.eh_frame*)

.glue_7         0x08000204        0x0
 .glue_7        0x08000204        0x0 linker stubs

.glue_7t        0x08000204        0x0
 .glue_7t       0x08000204        0x0 linker stubs

.vfp11_veneer   0x08000204        0x0
 .vfp11_veneer  0x08000204        0x0 linker stubs

.v4_bx          0x08000204        0x0
 .v4_bx         0x08000204        0x0 linker stubs

.iplt           0x08000204        0x0
 .iplt          0x08000204        0x0 ./output/main.o

.rel.dyn        0x08000204        0x0
 .rel.iplt      0x08000204        0x0 ./output/main.o

.data           0x20000000        0x0
                0x20000000                __data_start__ = .
 *(vtable)
 *(.data*)
 .data          0x20000000        0x0 ./output/main.o
 .data          0x20000000        0x0 ./output/startup_ARMCM0.o
                0x20000000                __data_end__ = .

.igot.plt       0x20000000        0x0
 .igot.plt      0x20000000        0x0 ./output/main.o

.bss            0x20000000        0x0
                0x20000000                . = ALIGN (0x4)
                0x20000000                __bss_start__ = .
 *(.bss*)
 .bss           0x20000000        0x0 ./output/main.o
 .bss           0x20000000        0x0 ./output/startup_ARMCM0.o
 *(COMMON)
                0x20000000                . = ALIGN (0x4)
                0x20000000                __bss_end__ = .

.heap           0x20000000      0x200
                0x20000000                __HeapBase = .
                0x20000000                __end__ = .
                0x20000000                end = __end__
 *(.heap*)
 .heap          0x20000000      0x200 ./output/startup_ARMCM0.o
                0x20000200                __HeapLimit = .

.stack_dummy    0x20000000      0x100
 *(.stack*)
 .stack         0x20000000      0x100 ./output/startup_ARMCM0.o
                0x20001000                __StackTop = (ORIGIN (RAM) + LENGTH (RAM))
                0x20000f00                __StackLimit = (__StackTop - SIZEOF (.stack_dummy))
                [!provide]                PROVIDE (__stack = __StackTop)
                0x00000001                ASSERT ((__StackLimit >= __HeapLimit), region RAM overflowed with stack)
LOAD ./output/main.o
LOAD ./output/startup_ARMCM0.o
OUTPUT(./output/stm32f0_discovery_gpio.elf elf32-littlearm)

.debug_info     0x00000000      0x193
 .debug_info    0x00000000      0x193 ./output/main.o

.debug_abbrev   0x00000000       0xe1
 .debug_abbrev  0x00000000       0xe1 ./output/main.o

.debug_aranges  0x00000000       0x20
 .debug_aranges
                0x00000000       0x20 ./output/main.o

.debug_line     0x00000000       0xf4
 .debug_line    0x00000000       0xf4 ./output/main.o

.debug_str      0x00000000      0x196
 .debug_str     0x00000000      0x196 ./output/main.o

.comment        0x00000000       0x75
 .comment       0x00000000       0x75 ./output/main.o
                                 0x76 (size before relaxing)

.ARM.attributes
                0x00000000       0x29
 .ARM.attributes
                0x00000000       0x2b ./output/main.o
 .ARM.attributes
                0x0000002b       0x1b ./output/startup_ARMCM0.o

.debug_frame    0x00000000      0x174
 .debug_frame   0x00000000      0x174 ./output/main.o
