###############################################################################
#
# IAR ELF Linker V7.70.1.11437/W32 for ARM                28/Aug/2018  21:21:05
# Copyright 2007-2016 IAR Systems AB.
#
#    Output file  =  
#        C:\Users\Phuckks\Desktop\ARM\stm32f051r8\lib_spl\STM32F0xx_StdPeriph_Lib_V1.5.0\Projects\STM32F0xx_StdPeriph_Templates\EWARM\STM32F051\Exe\Project.out
#    Map file     =  
#        C:\Users\Phuckks\Desktop\ARM\stm32f051r8\lib_spl\STM32F0xx_StdPeriph_Lib_V1.5.0\Projects\STM32F0xx_StdPeriph_Templates\EWARM\STM32F051\List\Project.map
#    Command line =  
#        C:\Users\Phuckks\Desktop\ARM\stm32f051r8\lib_spl\STM32F0xx_StdPeriph_Lib_V1.5.0\Projects\STM32F0xx_StdPeriph_Templates\EWARM\STM32F051\Obj\main.o
#        C:\Users\Phuckks\Desktop\ARM\stm32f051r8\lib_spl\STM32F0xx_StdPeriph_Lib_V1.5.0\Projects\STM32F0xx_StdPeriph_Templates\EWARM\STM32F051\Obj\startup_stm32f051.o
#        C:\Users\Phuckks\Desktop\ARM\stm32f051r8\lib_spl\STM32F0xx_StdPeriph_Lib_V1.5.0\Projects\STM32F0xx_StdPeriph_Templates\EWARM\STM32F051\Obj\stm32f0xx_adc.o
#        C:\Users\Phuckks\Desktop\ARM\stm32f051r8\lib_spl\STM32F0xx_StdPeriph_Lib_V1.5.0\Projects\STM32F0xx_StdPeriph_Templates\EWARM\STM32F051\Obj\stm32f0xx_cec.o
#        C:\Users\Phuckks\Desktop\ARM\stm32f051r8\lib_spl\STM32F0xx_StdPeriph_Lib_V1.5.0\Projects\STM32F0xx_StdPeriph_Templates\EWARM\STM32F051\Obj\stm32f0xx_comp.o
#        C:\Users\Phuckks\Desktop\ARM\stm32f051r8\lib_spl\STM32F0xx_StdPeriph_Lib_V1.5.0\Projects\STM32F0xx_StdPeriph_Templates\EWARM\STM32F051\Obj\stm32f0xx_crc.o
#        C:\Users\Phuckks\Desktop\ARM\stm32f051r8\lib_spl\STM32F0xx_StdPeriph_Lib_V1.5.0\Projects\STM32F0xx_StdPeriph_Templates\EWARM\STM32F051\Obj\stm32f0xx_dac.o
#        C:\Users\Phuckks\Desktop\ARM\stm32f051r8\lib_spl\STM32F0xx_StdPeriph_Lib_V1.5.0\Projects\STM32F0xx_StdPeriph_Templates\EWARM\STM32F051\Obj\stm32f0xx_dbgmcu.o
#        C:\Users\Phuckks\Desktop\ARM\stm32f051r8\lib_spl\STM32F0xx_StdPeriph_Lib_V1.5.0\Projects\STM32F0xx_StdPeriph_Templates\EWARM\STM32F051\Obj\stm32f0xx_dma.o
#        C:\Users\Phuckks\Desktop\ARM\stm32f051r8\lib_spl\STM32F0xx_StdPeriph_Lib_V1.5.0\Projects\STM32F0xx_StdPeriph_Templates\EWARM\STM32F051\Obj\stm32f0xx_exti.o
#        C:\Users\Phuckks\Desktop\ARM\stm32f051r8\lib_spl\STM32F0xx_StdPeriph_Lib_V1.5.0\Projects\STM32F0xx_StdPeriph_Templates\EWARM\STM32F051\Obj\stm32f0xx_flash.o
#        C:\Users\Phuckks\Desktop\ARM\stm32f051r8\lib_spl\STM32F0xx_StdPeriph_Lib_V1.5.0\Projects\STM32F0xx_StdPeriph_Templates\EWARM\STM32F051\Obj\stm32f0xx_gpio.o
#        C:\Users\Phuckks\Desktop\ARM\stm32f051r8\lib_spl\STM32F0xx_StdPeriph_Lib_V1.5.0\Projects\STM32F0xx_StdPeriph_Templates\EWARM\STM32F051\Obj\stm32f0xx_i2c.o
#        C:\Users\Phuckks\Desktop\ARM\stm32f051r8\lib_spl\STM32F0xx_StdPeriph_Lib_V1.5.0\Projects\STM32F0xx_StdPeriph_Templates\EWARM\STM32F051\Obj\stm32f0xx_it.o
#        C:\Users\Phuckks\Desktop\ARM\stm32f051r8\lib_spl\STM32F0xx_StdPeriph_Lib_V1.5.0\Projects\STM32F0xx_StdPeriph_Templates\EWARM\STM32F051\Obj\stm32f0xx_iwdg.o
#        C:\Users\Phuckks\Desktop\ARM\stm32f051r8\lib_spl\STM32F0xx_StdPeriph_Lib_V1.5.0\Projects\STM32F0xx_StdPeriph_Templates\EWARM\STM32F051\Obj\stm32f0xx_misc.o
#        C:\Users\Phuckks\Desktop\ARM\stm32f051r8\lib_spl\STM32F0xx_StdPeriph_Lib_V1.5.0\Projects\STM32F0xx_StdPeriph_Templates\EWARM\STM32F051\Obj\stm32f0xx_pwr.o
#        C:\Users\Phuckks\Desktop\ARM\stm32f051r8\lib_spl\STM32F0xx_StdPeriph_Lib_V1.5.0\Projects\STM32F0xx_StdPeriph_Templates\EWARM\STM32F051\Obj\stm32f0xx_rcc.o
#        C:\Users\Phuckks\Desktop\ARM\stm32f051r8\lib_spl\STM32F0xx_StdPeriph_Lib_V1.5.0\Projects\STM32F0xx_StdPeriph_Templates\EWARM\STM32F051\Obj\stm32f0xx_rtc.o
#        C:\Users\Phuckks\Desktop\ARM\stm32f051r8\lib_spl\STM32F0xx_StdPeriph_Lib_V1.5.0\Projects\STM32F0xx_StdPeriph_Templates\EWARM\STM32F051\Obj\stm32f0xx_spi.o
#        C:\Users\Phuckks\Desktop\ARM\stm32f051r8\lib_spl\STM32F0xx_StdPeriph_Lib_V1.5.0\Projects\STM32F0xx_StdPeriph_Templates\EWARM\STM32F051\Obj\stm32f0xx_syscfg.o
#        C:\Users\Phuckks\Desktop\ARM\stm32f051r8\lib_spl\STM32F0xx_StdPeriph_Lib_V1.5.0\Projects\STM32F0xx_StdPeriph_Templates\EWARM\STM32F051\Obj\stm32f0xx_tim.o
#        C:\Users\Phuckks\Desktop\ARM\stm32f051r8\lib_spl\STM32F0xx_StdPeriph_Lib_V1.5.0\Projects\STM32F0xx_StdPeriph_Templates\EWARM\STM32F051\Obj\stm32f0xx_usart.o
#        C:\Users\Phuckks\Desktop\ARM\stm32f051r8\lib_spl\STM32F0xx_StdPeriph_Lib_V1.5.0\Projects\STM32F0xx_StdPeriph_Templates\EWARM\STM32F051\Obj\stm32f0xx_wwdg.o
#        C:\Users\Phuckks\Desktop\ARM\stm32f051r8\lib_spl\STM32F0xx_StdPeriph_Lib_V1.5.0\Projects\STM32F0xx_StdPeriph_Templates\EWARM\STM32F051\Obj\system_stm32f0xx.o
#        --redirect _Printf=_PrintfSmall --redirect _Scanf=_ScanfSmall -o
#        C:\Users\Phuckks\Desktop\ARM\stm32f051r8\lib_spl\STM32F0xx_StdPeriph_Lib_V1.5.0\Projects\STM32F0xx_StdPeriph_Templates\EWARM\STM32F051\Exe\Project.out
#        --map
#        C:\Users\Phuckks\Desktop\ARM\stm32f051r8\lib_spl\STM32F0xx_StdPeriph_Lib_V1.5.0\Projects\STM32F0xx_StdPeriph_Templates\EWARM\STM32F051\List\Project.map
#        --config
#        C:\Users\Phuckks\Desktop\ARM\stm32f051r8\lib_spl\STM32F0xx_StdPeriph_Lib_V1.5.0\Projects\STM32F0xx_StdPeriph_Templates\EWARM\stm32f051_flash.icf
#        --semihosting --entry __iar_program_start --vfe
#
###############################################################################

*******************************************************************************
*** RUNTIME MODEL ATTRIBUTES
***

CppFlavor       = *
__SystemLibrary = DLib


*******************************************************************************
*** PLACEMENT SUMMARY
***

"A0":  place at 0x08000000 { ro section .intvec };
"P1":  place in [from 0x08000000 to 0x0800ffff] { ro };
"P2":  place in [from 0x20000000 to 0x20001fff] { rw, block CSTACK, block HEAP };

  Section   Kind        Address   Size  Object
  -------   ----        -------   ----  ------
"A0":                             0xc0
  .intvec   ro code  0x08000000   0xc0  startup_stm32f051.o [1]
                   - 0x080000c0   0xc0

"P1":                            0x1c2
  .text     ro code  0x080000c0   0xf0  system_stm32f0xx.o [1]
  .text     ro code  0x080001b0   0x3c  startup_stm32f051.o [1]
  .text     ro code  0x080001ec   0x1a  cmain.o [4]
  .text     ro code  0x08000206    0x4  low_level_init.o [3]
  .text     ro code  0x0800020a    0x2  main.o [1]
  .text     ro code  0x0800020c    0x8  exit.o [3]
  .text     ro code  0x08000214    0xa  cexit.o [4]
  .text     ro code  0x0800021e    0xa  stm32f0xx_it.o [1]
  .text     ro code  0x08000228   0x14  exit.o [5]
  .text     ro code  0x0800023c    0xc  cstartup_M.o [4]
  .text     ro code  0x08000248    0x2  startup_stm32f051.o [1]
  .text     ro code  0x0800024a    0x2  startup_stm32f051.o [1]
  .text     ro code  0x0800024c    0x2  startup_stm32f051.o [1]
  .text     ro code  0x0800024e    0x2  startup_stm32f051.o [1]
  .text     ro code  0x08000250    0x2  startup_stm32f051.o [1]
  .text     ro code  0x08000252    0x2  startup_stm32f051.o [1]
  .text     ro code  0x08000254    0x2  startup_stm32f051.o [1]
  .text     ro code  0x08000256    0x2  startup_stm32f051.o [1]
  .text     ro code  0x08000258    0x2  startup_stm32f051.o [1]
  .text     ro code  0x0800025a    0x2  startup_stm32f051.o [1]
  .text     ro code  0x0800025c    0x2  startup_stm32f051.o [1]
  .text     ro code  0x0800025e    0x2  startup_stm32f051.o [1]
  .text     ro code  0x08000260    0x2  startup_stm32f051.o [1]
  .text     ro code  0x08000262    0x2  startup_stm32f051.o [1]
  .text     ro code  0x08000264    0x2  startup_stm32f051.o [1]
  .text     ro code  0x08000266    0x2  startup_stm32f051.o [1]
  .text     ro code  0x08000268    0x2  startup_stm32f051.o [1]
  .text     ro code  0x0800026a    0x2  startup_stm32f051.o [1]
  .text     ro code  0x0800026c    0x2  startup_stm32f051.o [1]
  .text     ro code  0x0800026e    0x2  startup_stm32f051.o [1]
  .text     ro code  0x08000270    0x2  startup_stm32f051.o [1]
  .text     ro code  0x08000272    0x2  startup_stm32f051.o [1]
  .text     ro code  0x08000274    0x2  startup_stm32f051.o [1]
  .text     ro code  0x08000276    0x2  startup_stm32f051.o [1]
  .text     ro code  0x08000278    0x2  startup_stm32f051.o [1]
  .text     ro code  0x0800027a    0x2  startup_stm32f051.o [1]
  .text     ro code  0x0800027c    0x2  startup_stm32f051.o [1]
  .text     ro code  0x0800027e    0x2  startup_stm32f051.o [1]
  .text     ro code  0x08000280    0x2  startup_stm32f051.o [1]
                   - 0x08000282  0x1c2

"P2":                            0x400
  CSTACK             0x20000000  0x400  <Block>
    CSTACK  uninit   0x20000000  0x400  <Block tail>
                   - 0x20000400  0x400



*******************************************************************************
*** MODULE SUMMARY
***

    Module               ro code  rw data
    ------               -------  -------
C:\Users\Phuckks\Desktop\ARM\stm32f051r8\lib_spl\STM32F0xx_StdPeriph_Lib_V1.5.0\Projects\STM32F0xx_StdPeriph_Templates\EWARM\STM32F051\Obj: [1]
    main.o                     2
    startup_stm32f051.o      310
    stm32f0xx_it.o            10
    system_stm32f0xx.o       240
    -------------------------------------
    Total:                   562

command line: [2]
    -------------------------------------
    Total:

dl6M_tln.a: [3]
    exit.o                     8
    low_level_init.o           4
    -------------------------------------
    Total:                    12

rt6M_tl.a: [4]
    cexit.o                   10
    cmain.o                   26
    cstartup_M.o              12
    -------------------------------------
    Total:                    48

shb_l.a: [5]
    exit.o                    20
    -------------------------------------
    Total:                    20

    Linker created                  1 024
-----------------------------------------
    Grand Total:             642    1 024


*******************************************************************************
*** ENTRY LIST
***

Entry                    Address  Size  Type      Object
-----                    -------  ----  ----      ------
?main                 0x080001ed        Code  Gb  cmain.o [4]
CSTACK$$Base          0x20000000         --   Gb  - Linker created -
CSTACK$$Limit         0x20000400         --   Gb  - Linker created -
HardFault_Handler     0x08000221   0x2  Code  Gb  stm32f0xx_it.o [1]
NMI_Handler           0x0800021f   0x2  Code  Gb  stm32f0xx_it.o [1]
PendSV_Handler        0x08000225   0x2  Code  Gb  stm32f0xx_it.o [1]
Region$$Table$$Base   0x00000000         --   Gb  - Linker created -
Region$$Table$$Limit  0x00000000         --   Gb  - Linker created -
SVC_Handler           0x08000223   0x2  Code  Gb  stm32f0xx_it.o [1]
SysTick_Handler       0x08000227   0x2  Code  Gb  stm32f0xx_it.o [1]
SystemInit            0x080000c1  0xd0  Code  Gb  system_stm32f0xx.o [1]
__ICFEDIT_region_RAM_end__ {Abs}
                      0x20001fff        Data  Gb  command line/config [2]
__ICFEDIT_region_RAM_start__ {Abs}
                      0x20000000        Data  Gb  command line/config [2]
__cmain               0x080001ed        Code  Gb  cmain.o [4]
__exit                0x08000229  0x14  Code  Gb  exit.o [5]
__iar_program_start   0x0800023d        Code  Gb  cstartup_M.o [4]
__low_level_init      0x08000207   0x4  Code  Gb  low_level_init.o [3]
__vector_table        0x08000000        Data  Gb  startup_stm32f051.o [1]
_call_main            0x080001f9        Code  Gb  cmain.o [4]
_exit                 0x08000215        Code  Gb  cexit.o [4]
_main                 0x08000203        Code  Gb  cmain.o [4]
exit                  0x0800020d   0x8  Code  Gb  exit.o [3]
main                  0x0800020b   0x2  Code  Gb  main.o [1]


[1] = C:\Users\Phuckks\Desktop\ARM\stm32f051r8\lib_spl\STM32F0xx_StdPeriph_Lib_V1.5.0\Projects\STM32F0xx_StdPeriph_Templates\EWARM\STM32F051\Obj
[2] = command line
[3] = dl6M_tln.a
[4] = rt6M_tl.a
[5] = shb_l.a

    642 bytes of readonly  code memory
  1 024 bytes of readwrite data memory

Errors: none
Warnings: none
